DEBUG:root:showing the debug error in givan object
INFO:root:shows error in givan class and object
DEBUG:root:showing the debug error in givan object
INFO:root:shows error in givan class and object
DEBUG:root:showing the debug error in givan object
INFO:root:shows error in givan class and object
DEBUG:root:showing the debug error in givan object
INFO:root:shows error in givan class and object
DEBUG:root:showing the debug error in givan object
INFO:root:shows error in givan class and object
DEBUG:root:showing the debug error in givan object
INFO:root:shows error in givan class and object
DEBUG:root:showing the debug error in givan object
INFO:root:shows error in givan class and object
DEBUG:root:showing the debug error in givan object
INFO:root:shows error in givan class and object
DEBUG:root:showing the debug error in givan object
INFO:root:shows error in givan class and object
DEBUG:root:showing the debug error in givan object
INFO:root:shows error in givan class and object
DEBUG:root:showing the debug error in givan object
INFO:root:shows error in givan class and object
DEBUG:root:showing the debug error in givan object
INFO:root:shows error in givan class and object
DEBUG:root:showing the debug error in givan object
INFO:root:shows error in givan class and object
DEBUG:root:showing the debug error in givan object
INFO:root:shows error in givan class and object
DEBUG:root:showing the debug error in givan object
INFO:root:shows error in givan class and object
DEBUG:root:showing the debug error in givan object
INFO:root:shows error in givan class and object
DEBUG:root:showing the debug error in givan object
INFO:root:shows error in givan class and object
DEBUG:root:showing the debug error in givan object
INFO:root:shows error in givan class and object
DEBUG:root:showing the debug error in givan object
INFO:root:shows error in givan class and object
DEBUG:root:showing the debug error in givan object
INFO:root:shows error in givan class and object
DEBUG:root:showing the debug error in givan object
INFO:root:shows error in givan class and object
DEBUG:root:showing the debug error in givan object
INFO:root:shows error in givan class and object
DEBUG:root:showing the debug error in givan object
INFO:root:shows error in givan class and object
DEBUG:root:showing the debug error in givan object
INFO:root:shows error in givan class and object
DEBUG:root:showing the debug error in givan object
INFO:root:shows error in givan class and object
DEBUG:root:showing the debug error in givan object
INFO:root:shows error in givan class and object
DEBUG:root:showing the debug error in givan object
INFO:root:shows error in givan class and object
DEBUG:root:showing the debug error in givan object
INFO:root:shows error in givan class and object
DEBUG:root:showing the debug error in givan object
INFO:root:shows error in givan class and object
DEBUG:root:showing the debug error in givan object
INFO:root:shows error in givan class and object
DEBUG:root:showing the debug error in givan object
INFO:root:shows error in givan class and object
DEBUG:root:showing the debug error in givan object
INFO:root:shows error in givan class and object
DEBUG:root:showing the debug error in givan object
INFO:root:shows error in givan class and object
DEBUG:root:showing the debug error in givan object
INFO:root:shows error in givan class and object
DEBUG:root:showing the debug error in givan object
INFO:root:shows error in givan class and object
DEBUG:root:showing the debug error in givan object
INFO:root:shows error in givan class and object
DEBUG:root:showing the debug error in givan object
INFO:root:shows error in givan class and object
DEBUG:root:showing the debug error in givan object
INFO:root:shows error in givan class and object
DEBUG:root:showing the debug error in givan object
INFO:root:shows error in givan class and object
DEBUG:root:showing the debug error in givan object
INFO:root:shows error in givan class and object
DEBUG:root:showing the debug error in givan object
INFO:root:shows error in givan class and object
DEBUG:root:entered wrong name
DEBUG:root:entered wrong batch_name
DEBUG:root:entered wrong course_name
DEBUG:root:showing the debug error in givan object
INFO:root:shows error in givan class and object
DEBUG:root:showing the debug error in givan object
INFO:root:shows error in givan class and object
DEBUG:root:showing the debug error in givan object
INFO:root:shows error in givan class and object
DEBUG:root:showing the debug error in givan object
INFO:root:shows error in givan class and object
DEBUG:root:showing the debug error in givan object
INFO:root:shows error in givan class and object
DEBUG:root:showing the debug error in givan object
INFO:root:shows error in givan class and object
DEBUG:root:enter right information otherwise gives error
DEBUG:root:showing the debug error in givan object
INFO:root:shows error in givan class and object
DEBUG:root:enter right information otherwise gives error
DEBUG:root:showing the debug error in givan object
INFO:root:shows error in givan class and object
DEBUG:root:enter right information otherwise gives error
DEBUG:root:showing the debug error in givan object
INFO:root:shows error in givan class and object
DEBUG:root:showing the debug error in givan object
INFO:root:shows error in givan class and object
DEBUG:root:showing the debug error in givan object
INFO:root:shows error in givan class and object
DEBUG:root:showing the debug error in givan object
INFO:root:shows error in givan class and object
